// Jest Snapshot v1, https://goo.gl/fbAQLP

exports[`should render ExpenseListItem with expense 1`] = `
<div>
  <Link
    replace={false}
    to="/edit/1"
  >
    <h3>
      Gun
    </h3>
  </Link>
  <p>
    1.95
    --
    31/12/1969 22:00:00
  </p>
</div>
`;
